// Jest Snapshot v1, https://goo.gl/fbAQLP

exports[`should render expense list item 1`] = `
<Link
  className="expenses-list__item"
  replace={false}
  to="/edit/1"
>
  <div>
    <h3
      className="expenses-list__title"
    >
      Gum
    </h3>
    <span
      className="expenses-list__sub-title"
    >
      Thursday, January 1st 1970
    </span>
  </div>
  <h3
    className="expenses-list__amount"
  >
    $1.95
  </h3>
</Link>
`;
